Archive member included to satisfy reference by file (symbol)

e:/software/mounriver_studio/toolchain/risc-v embedded gcc/bin/../lib/gcc/riscv-none-embed/8.2.0/rv32imacxw/ilp32\libgcc.a(save-restore.o)
                              ./Peripheral/src/ch32v30x_flash.o (__riscv_save_7)
e:/software/mounriver_studio/toolchain/risc-v embedded gcc/bin/../lib/gcc/riscv-none-embed/8.2.0/../../../../riscv-none-embed/lib/rv32imacxw/ilp32\libg_nano.a(lib_a-atexit.o)
                              ./Startup/startup_ch32v30x_D8C.o (atexit)
e:/software/mounriver_studio/toolchain/risc-v embedded gcc/bin/../lib/gcc/riscv-none-embed/8.2.0/../../../../riscv-none-embed/lib/rv32imacxw/ilp32\libg_nano.a(lib_a-fini.o)
                              ./Startup/startup_ch32v30x_D8C.o (__libc_fini_array)
e:/software/mounriver_studio/toolchain/risc-v embedded gcc/bin/../lib/gcc/riscv-none-embed/8.2.0/../../../../riscv-none-embed/lib/rv32imacxw/ilp32\libg_nano.a(lib_a-init.o)
                              ./Startup/startup_ch32v30x_D8C.o (__libc_init_array)
e:/software/mounriver_studio/toolchain/risc-v embedded gcc/bin/../lib/gcc/riscv-none-embed/8.2.0/../../../../riscv-none-embed/lib/rv32imacxw/ilp32\libg_nano.a(lib_a-printf.o)
                              ./User/main.o (printf)
e:/software/mounriver_studio/toolchain/risc-v embedded gcc/bin/../lib/gcc/riscv-none-embed/8.2.0/../../../../riscv-none-embed/lib/rv32imacxw/ilp32\libg_nano.a(lib_a-puts.o)
                              ./User/main.o (puts)
e:/software/mounriver_studio/toolchain/risc-v embedded gcc/bin/../lib/gcc/riscv-none-embed/8.2.0/../../../../riscv-none-embed/lib/rv32imacxw/ilp32\libg_nano.a(lib_a-wbuf.o)
                              e:/software/mounriver_studio/toolchain/risc-v embedded gcc/bin/../lib/gcc/riscv-none-embed/8.2.0/../../../../riscv-none-embed/lib/rv32imacxw/ilp32\libg_nano.a(lib_a-puts.o) (__swbuf_r)
e:/software/mounriver_studio/toolchain/risc-v embedded gcc/bin/../lib/gcc/riscv-none-embed/8.2.0/../../../../riscv-none-embed/lib/rv32imacxw/ilp32\libg_nano.a(lib_a-wsetup.o)
                              e:/software/mounriver_studio/toolchain/risc-v embedded gcc/bin/../lib/gcc/riscv-none-embed/8.2.0/../../../../riscv-none-embed/lib/rv32imacxw/ilp32\libg_nano.a(lib_a-puts.o) (__swsetup_r)
e:/software/mounriver_studio/toolchain/risc-v embedded gcc/bin/../lib/gcc/riscv-none-embed/8.2.0/../../../../riscv-none-embed/lib/rv32imacxw/ilp32\libg_nano.a(lib_a-__atexit.o)
                              e:/software/mounriver_studio/toolchain/risc-v embedded gcc/bin/../lib/gcc/riscv-none-embed/8.2.0/../../../../riscv-none-embed/lib/rv32imacxw/ilp32\libg_nano.a(lib_a-atexit.o) (__register_exitproc)
e:/software/mounriver_studio/toolchain/risc-v embedded gcc/bin/../lib/gcc/riscv-none-embed/8.2.0/../../../../riscv-none-embed/lib/rv32imacxw/ilp32\libg_nano.a(lib_a-__call_atexit.o)
                              e:/software/mounriver_studio/toolchain/risc-v embedded gcc/bin/../lib/gcc/riscv-none-embed/8.2.0/../../../../riscv-none-embed/lib/rv32imacxw/ilp32\libg_nano.a(lib_a-__atexit.o) (__call_exitprocs)
e:/software/mounriver_studio/toolchain/risc-v embedded gcc/bin/../lib/gcc/riscv-none-embed/8.2.0/../../../../riscv-none-embed/lib/rv32imacxw/ilp32\libg_nano.a(lib_a-fflush.o)
                              e:/software/mounriver_studio/toolchain/risc-v embedded gcc/bin/../lib/gcc/riscv-none-embed/8.2.0/../../../../riscv-none-embed/lib/rv32imacxw/ilp32\libg_nano.a(lib_a-wbuf.o) (_fflush_r)
e:/software/mounriver_studio/toolchain/risc-v embedded gcc/bin/../lib/gcc/riscv-none-embed/8.2.0/../../../../riscv-none-embed/lib/rv32imacxw/ilp32\libg_nano.a(lib_a-findfp.o)
                              e:/software/mounriver_studio/toolchain/risc-v embedded gcc/bin/../lib/gcc/riscv-none-embed/8.2.0/../../../../riscv-none-embed/lib/rv32imacxw/ilp32\libg_nano.a(lib_a-printf.o) (__sinit)
e:/software/mounriver_studio/toolchain/risc-v embedded gcc/bin/../lib/gcc/riscv-none-embed/8.2.0/../../../../riscv-none-embed/lib/rv32imacxw/ilp32\libg_nano.a(lib_a-fwalk.o)
                              e:/software/mounriver_studio/toolchain/risc-v embedded gcc/bin/../lib/gcc/riscv-none-embed/8.2.0/../../../../riscv-none-embed/lib/rv32imacxw/ilp32\libg_nano.a(lib_a-findfp.o) (_fwalk)
e:/software/mounriver_studio/toolchain/risc-v embedded gcc/bin/../lib/gcc/riscv-none-embed/8.2.0/../../../../riscv-none-embed/lib/rv32imacxw/ilp32\libg_nano.a(lib_a-impure.o)
                              e:/software/mounriver_studio/toolchain/risc-v embedded gcc/bin/../lib/gcc/riscv-none-embed/8.2.0/../../../../riscv-none-embed/lib/rv32imacxw/ilp32\libg_nano.a(lib_a-fflush.o) (_global_impure_ptr)
e:/software/mounriver_studio/toolchain/risc-v embedded gcc/bin/../lib/gcc/riscv-none-embed/8.2.0/../../../../riscv-none-embed/lib/rv32imacxw/ilp32\libg_nano.a(lib_a-makebuf.o)
[...]
Memory Configuration

Name             Origin             Length             Attributes
FLASH            0x0000000000000000 0x0000000000048000 xr
RAM              0x0000000020000000 0x0000000000008000 xrw
*default*        0x0000000000000000 0xffffffffffffffff

Linker script and memory map

LOAD ./User/ch32v30x_it.o
LOAD ./User/main.o
LOAD ./User/mid.o
LOAD ./User/system_ch32v30x.o
LOAD ./User/test.o
LOAD ./Startup/startup_ch32v30x_D8C.o
LOAD ./Peripheral/src/ch32v30x_adc.o
LOAD ./Peripheral/src/ch32v30x_bkp.o
LOAD ./Peripheral/src/ch32v30x_can.o
LOAD ./Peripheral/src/ch32v30x_crc.o
LOAD ./Peripheral/src/ch32v30x_dac.o
LOAD ./Peripheral/src/ch32v30x_dbgmcu.o
LOAD ./Peripheral/src/ch32v30x_dma.o
LOAD ./Peripheral/src/ch32v30x_dvp.o
LOAD ./Peripheral/src/ch32v30x_eth.o
LOAD ./Peripheral/src/ch32v30x_exti.o
LOAD ./Peripheral/src/ch32v30x_flash.o
LOAD ./Peripheral/src/ch32v30x_fsmc.o
LOAD ./Peripheral/src/ch32v30x_gpio.o
LOAD ./Peripheral/src/ch32v30x_i2c.o
LOAD ./Peripheral/src/ch32v30x_iwdg.o
LOAD ./Peripheral/src/ch32v30x_misc.o
LOAD ./Peripheral/src/ch32v30x_opa.o
LOAD ./Peripheral/src/ch32v30x_pwr.o
LOAD ./Peripheral/src/ch32v30x_rcc.o
LOAD ./Peripheral/src/ch32v30x_rng.o
LOAD ./Peripheral/src/ch32v30x_rtc.o
LOAD ./Peripheral/src/ch32v30x_sdio.o
LOAD ./Peripheral/src/ch32v30x_spi.o
LOAD ./Peripheral/src/ch32v30x_tim.o
LOAD ./Peripheral/src/ch32v30x_usart.o
LOAD ./Peripheral/src/ch32v30x_wwdg.o
LOAD ./Debug/debug.o
LOAD ./Core/core_riscv.o
LOAD e:/software/mounriver_studio/toolchain/risc-v embedded gcc/bin/../lib/gcc/riscv-none-embed/8.2.0/../../../../riscv-none-embed/lib/rv32imacxw/ilp32\libstdc++_nano.a
LOAD e:/software/mounriver_studio/toolchain/risc-v embedded gcc/bin/../lib/gcc/riscv-none-embed/8.2.0/../../../../riscv-none-embed/lib/rv32imacxw/ilp32\libm.a
LOAD e:/software/mounriver_studio/toolchain/risc-v embedded gcc/bin/../lib/gcc/riscv-none-embed/8.2.0/rv32imacxw/ilp32\libgcc.a
LOAD e:/software/mounriver_studio/toolchain/risc-v embedded gcc/bin/../lib/gcc/riscv-none-embed/8.2.0/../../../../riscv-none-embed/lib/rv32imacxw/ilp32\libg_nano.a
LOAD e:/software/mounriver_studio/toolchain/risc-v embedded gcc/bin/../lib/gcc/riscv-none-embed/8.2.0/../../../../riscv-none-embed/lib/rv32imacxw/ilp32\libc_nano.a
LOAD e:/software/mounriver_studio/toolchain/risc-v embedded gcc/bin/../lib/gcc/riscv-none-embed/8.2.0/rv32imacxw/ilp32\libgcc.a
START GROUP
LOAD e:/software/mounriver_studio/toolchain/risc-v embedded gcc/bin/../lib/gcc/riscv-none-embed/8.2.0/rv32imacxw/ilp32\libgcc.a
LOAD e:/software/mounriver_studio/toolchain/risc-v embedded gcc/bin/../lib/gcc/riscv-none-embed/8.2.0/../../../../riscv-none-embed/lib/rv32imacxw/ilp32\libc_nano.a
LOAD e:/software/mounriver_studio/toolchain/risc-v embedded gcc/bin/../lib/gcc/riscv-none-embed/8.2.0/../../../../riscv-none-embed/lib/rv32imacxw/ilp32\libnosys.a
END GROUP
START GROUP
LOAD e:/software/mounriver_studio/toolchain/risc-v embedded gcc/bin/../lib/gcc/riscv-none-embed/8.2.0/rv32imacxw/ilp32\libgcc.a
LOAD e:/software/mounriver_studio/toolchain/risc-v embedded gcc/bin/../lib/gcc/riscv-none-embed/8.2.0/../../../../riscv-none-embed/lib/rv32imacxw/ilp32\libc_nano.a
LOAD e:/software/mounriver_studio/toolchain/risc-v embedded gcc/bin/../lib/gcc/riscv-none-embed/8.2.0/../../../../riscv-none-embed/lib/rv32imacxw/ilp32\libnosys.a
END GROUP
                0x0000000000000800                __stack_size = 0x800
                [!provide]                        PROVIDE (_stack_size = __stack_size)

.init           0x0000000000000000        0x4
                0x0000000000000000                _sinit = .
                0x0000000000000000                . = ALIGN (0x4)
 *(SORT_NONE(.init))
 .init          0x0000000000000000        0x4 ./Startup/startup_ch32v30x_D8C.o
                0x0000000000000000                _start
                0x0000000000000004                . = ALIGN (0x4)
                0x0000000000000004                _einit = .

.vector         0x0000000000000004      0x1bc
 *(.vector)
 .vector        0x0000000000000004      0x1a0 ./Startup/startup_ch32v30x_D8C.o
                0x00000000000001c0                . = ALIGN (0x40)
 *fill*         0x00000000000001a4       0x1c 

.text           0x00000000000001c0     0x1c00
                0x00000000000001c0                . = ALIGN (0x4)
 *(.text)
 .text          0x00000000000001c0       0x60 e:/software/mounriver_studio/toolchain/risc-v embedded gcc/bin/../lib/gcc/riscv-none-embed/8.2.0/rv32imacxw/ilp32\libgcc.a(save-restore.o)
                0x00000000000001c0                __riscv_save_12
                0x00000000000001c8                __riscv_save_9
                0x00000000000001c8                __riscv_save_11
                0x00000000000001c8                __riscv_save_10
                0x00000000000001c8                __riscv_save_8
                0x00000000000001d6                __riscv_save_4
                0x00000000000001d6                __riscv_save_6
                0x00000000000001d6                __riscv_save_5
                0x00000000000001d6                __riscv_save_7
                0x00000000000001f0                __riscv_save_3
                0x00000000000001f0                __riscv_save_2
                0x00000000000001f0                __riscv_save_1
                0x00000000000001f0                __riscv_save_0
                0x00000000000001fc                __riscv_restore_12
                0x0000000000000200                __riscv_restore_11
                0x0000000000000200                __riscv_restore_9
                0x0000000000000200                __riscv_restore_10
                0x0000000000000200                __riscv_restore_8
                0x000000000000020a                __riscv_restore_5
                0x000000000000020a                __riscv_restore_7
                0x000000000000020a                __riscv_restore_6
                0x000000000000020a                __riscv_restore_4
                0x0000000000000214                __riscv_restore_3
                0x0000000000000214                __riscv_restore_0
                0x0000000000000214                __riscv_restore_2
                0x0000000000000214                __riscv_restore_1
 .text          0x0000000000000220       0xa8 e:/software/mounriver_studio/toolchain/risc-v embedded gcc/bin/../lib/gcc/riscv-none-embed/8.2.0/../../../../riscv-none-embed/lib/rv32imacxw/ilp32\libg_nano.a(lib_a-memset.o)
                0x0000000000000220                memset
 *(.text.*)
 .text.NMI_Handler
                0x00000000000002c8        0x2 ./User/ch32v30x_it.o
                0x00000000000002c8                NMI_Handler
 .text.HardFault_Handler
                0x00000000000002ca        0x2 ./User/ch32v30x_it.o
                0x00000000000002ca                HardFault_Handler
 .text._init    0x00000000000002cc        0x2 ./User/main.o
                0x00000000000002cc                _init
 .text._fini    0x00000000000002ce        0x2 ./User/main.o
                0x00000000000002ce                _fini
 .text.startup.main
                0x00000000000002d0       0x48 ./User/main.o
                0x00000000000002d0                main
 .text.Task_Loop
                0x0000000000000318        0xc ./User/mid.o
                0x0000000000000318                Task_Loop
 .text.SystemInit
                0x0000000000000324       0xfa ./User/system_ch32v30x.o
                0x0000000000000324                SystemInit
 .text.SystemCoreClockUpdate
                0x000000000000041e      0x12e ./User/system_ch32v30x.o
                0x000000000000041e                SystemCoreClockUpdate
 .text._ZN10Class_Test9Cnt_PlussEv
                0x000000000000054c       0x1e ./User/test.o
                0x000000000000054c                Class_Test::Cnt_Pluss()
 .text.vector_handler
                0x000000000000056a        0x2 ./Startup/startup_ch32v30x_D8C.o
                0x000000000000056a                EXTI2_IRQHandler
                0x000000000000056a                TIM8_TRG_COM_IRQHandler
                0x000000000000056a                TIM8_CC_IRQHandler
                0x000000000000056a                UART8_IRQHandler
                0x000000000000056a                TIM1_CC_IRQHandler
                0x000000000000056a                TIM6_IRQHandler
                0x000000000000056a                SysTick_Handler
                0x000000000000056a                PVD_IRQHandler
                0x000000000000056a                SDIO_IRQHandler
                0x000000000000056a                TIM9_BRK_IRQHandler
                0x000000000000056a                DMA2_Channel8_IRQHandler
                0x000000000000056a                CAN2_RX1_IRQHandler
                0x000000000000056a                EXTI3_IRQHandler
                0x000000000000056a                USBHS_IRQHandler
                0x000000000000056a                DMA2_Channel9_IRQHandler
                0x000000000000056a                TIM10_CC_IRQHandler
                0x000000000000056a                USBFS_IRQHandler
                0x000000000000056a                EXTI0_IRQHandler
                0x000000000000056a                I2C2_EV_IRQHandler
                0x000000000000056a                TIM10_TRG_COM_IRQHandler
                0x000000000000056a                CAN2_SCE_IRQHandler
                0x000000000000056a                ADC1_2_IRQHandler
                0x000000000000056a                Break_Point_Handler
                0x000000000000056a                SPI1_IRQHandler
                0x000000000000056a                TAMPER_IRQHandler
                0x000000000000056a                CAN2_RX0_IRQHandler
                0x000000000000056a                TIM8_UP_IRQHandler
                0x000000000000056a                Ecall_M_Mode_Handler
                0x000000000000056a                DMA2_Channel2_IRQHandler
                0x000000000000056a                DMA1_Channel4_IRQHandler
                0x000000000000056a                TIM9_UP_IRQHandler
                0x000000000000056a                USART3_IRQHandler
                0x000000000000056a                RTC_IRQHandler
                0x000000000000056a                DMA1_Channel7_IRQHandler
                0x000000000000056a                CAN1_RX1_IRQHandler
                0x000000000000056a                DVP_IRQHandler
                0x000000000000056a                UART5_IRQHandler
                0x000000000000056a                TIM4_IRQHandler
                0x000000000000056a                DMA2_Channel1_IRQHandler
                0x000000000000056a                I2C1_EV_IRQHandler
                0x000000000000056a                DMA1_Channel6_IRQHandler
                0x000000000000056a                UART4_IRQHandler
                0x000000000000056a                DMA2_Channel4_IRQHandler
                0x000000000000056a                TIM3_IRQHandler
                0x000000000000056a                RCC_IRQHandler
                0x000000000000056a                TIM1_TRG_COM_IRQHandler
                0x000000000000056a                DMA1_Channel1_IRQHandler
                0x000000000000056a                DMA2_Channel7_IRQHandler
                0x000000000000056a                EXTI15_10_IRQHandler
                0x000000000000056a                TIM7_IRQHandler
                0x000000000000056a                CAN2_TX_IRQHandler
                0x000000000000056a                TIM5_IRQHandler
                0x000000000000056a                EXTI9_5_IRQHandler
                0x000000000000056a                ETH_WKUP_IRQHandler
                0x000000000000056a                SPI2_IRQHandler
                0x000000000000056a                TIM10_BRK_IRQHandler
                0x000000000000056a                TIM9_CC_IRQHandler
                0x000000000000056a                DMA2_Channel5_IRQHandler
                0x000000000000056a                DMA1_Channel5_IRQHandler
                0x000000000000056a                EXTI4_IRQHandler
                0x000000000000056a                USB_LP_CAN1_RX0_IRQHandler
                0x000000000000056a                RNG_IRQHandler
                0x000000000000056a                USB_HP_CAN1_TX_IRQHandler
                0x000000000000056a                DMA1_Channel3_IRQHandler
                0x000000000000056a                ETH_IRQHandler
                0x000000000000056a                TIM1_UP_IRQHandler
                0x000000000000056a                WWDG_IRQHandler
                0x000000000000056a                USBHSWakeup_IRQHandler
                0x000000000000056a                DMA2_Channel11_IRQHandler
                0x000000000000056a                Ecall_U_Mode_Handler
                0x000000000000056a                DMA2_Channel6_IRQHandler
                0x000000000000056a                TIM2_IRQHandler
                0x000000000000056a                SW_Handler
                0x000000000000056a                TIM1_BRK_IRQHandler
                0x000000000000056a                DMA2_Channel10_IRQHandler
                0x000000000000056a                EXTI1_IRQHandler
                0x000000000000056a                RTCAlarm_IRQHandler
                0x000000000000056a                TIM10_UP_IRQHandler
                0x000000000000056a                TIM9_TRG_COM_IRQHandler
                0x000000000000056a                UART7_IRQHandler
                0x000000000000056a                USART2_IRQHandler
                0x000000000000056a                UART6_IRQHandler
                0x000000000000056a                I2C2_ER_IRQHandler
                0x000000000000056a                DMA1_Channel2_IRQHandler
                0x000000000000056a                TIM8_BRK_IRQHandler
                0x000000000000056a                CAN1_SCE_IRQHandler
                0x000000000000056a                FLASH_IRQHandler
                0x000000000000056a                USART1_IRQHandler
                0x000000000000056a                SPI3_IRQHandler
                0x000000000000056a                I2C1_ER_IRQHandler
                0x000000000000056a                USBWakeUp_IRQHandler
                0x000000000000056a                DMA2_Channel3_IRQHandler
 .text.handle_reset
                0x000000000000056c       0x96 ./Startup/startup_ch32v30x_D8C.o
                0x000000000000056c                handle_reset
 .text.DBGMCU_GetCHIPID
                0x0000000000000602        0xa ./Peripheral/src/ch32v30x_dbgmcu.o
                0x0000000000000602                DBGMCU_GetCHIPID
 .text.GPIO_Init
                0x000000000000060c       0xc0 ./Peripheral/src/ch32v30x_gpio.o
                0x000000000000060c                GPIO_Init
 .text.NVIC_PriorityGroupConfig
                0x00000000000006cc        0x6 ./Peripheral/src/ch32v30x_misc.o
                0x00000000000006cc                NVIC_PriorityGroupConfig
 .text.RCC_GetClocksFreq
                0x00000000000006d2      0x176 ./Peripheral/src/ch32v30x_rcc.o
                0x00000000000006d2                RCC_GetClocksFreq
 .text.RCC_APB2PeriphClockCmd
                0x0000000000000848       0x1e ./Peripheral/src/ch32v30x_rcc.o
                0x0000000000000848                RCC_APB2PeriphClockCmd
 .text.USART_Init
                0x0000000000000866       0x8c ./Peripheral/src/ch32v30x_usart.o
                0x0000000000000866                USART_Init
 .text.USART_Cmd
                0x00000000000008f2       0x16 ./Peripheral/src/ch32v30x_usart.o
                0x00000000000008f2                USART_Cmd
 .text.USART_SendData
                0x0000000000000908        0x8 ./Peripheral/src/ch32v30x_usart.o
                0x0000000000000908                USART_SendData
 .text.USART_GetFlagStatus
                0x0000000000000910        0xa ./Peripheral/src/ch32v30x_usart.o
                0x0000000000000910                USART_GetFlagStatus
 .text.Delay_Init
                0x000000000000091a       0x2a ./Debug/debug.o
                0x000000000000091a                Delay_Init
 .text.USART_Printf_Init
                0x0000000000000944       0x50 ./Debug/debug.o
                0x0000000000000944                USART_Printf_Init
 .text._write   0x0000000000000994       0x3a ./Debug/debug.o
                0x0000000000000994                _write
 .text._sbrk    0x00000000000009ce       0x26 ./Debug/debug.o
                0x00000000000009ce                _sbrk
 .text.atexit   0x00000000000009f4        0xa e:/software/mounriver_studio/toolchain/risc-v embedded gcc/bin/../lib/gcc/riscv-none-embed/8.2.0/../../../../riscv-none-embed/lib/rv32imacxw/ilp32\libg_nano.a(lib_a-atexit.o)
                0x00000000000009f4                atexit
 .text.__libc_fini_array
                0x00000000000009fe       0x3a e:/software/mounriver_studio/toolchain/risc-v embedded gcc/bin/../lib/gcc/riscv-none-embed/8.2.0/../../../../riscv-none-embed/lib/rv32imacxw/ilp32\libg_nano.a(lib_a-fini.o)
                0x00000000000009fe                __libc_fini_array
 .text.__libc_init_array
                0x0000000000000a38       0x6e e:/software/mounriver_studio/toolchain/risc-v embedded gcc/bin/../lib/gcc/riscv-none-embed/8.2.0/../../../../riscv-none-embed/lib/rv32imacxw/ilp32\libg_nano.a(lib_a-init.o)
                0x0000000000000a38                __libc_init_array
 .text.printf   0x0000000000000aa6       0x40 e:/software/mounriver_studio/toolchain/risc-v embedded gcc/bin/../lib/gcc/riscv-none-embed/8.2.0/../../../../riscv-none-embed/lib/rv32imacxw/ilp32\libg_nano.a(lib_a-printf.o)
                0x0000000000000aa6                iprintf
                0x0000000000000aa6                printf
 .text._puts_r  0x0000000000000ae6       0xd4 e:/software/mounriver_studio/toolchain/risc-v embedded gcc/bin/../lib/gcc/riscv-none-embed/8.2.0/../../../../riscv-none-embed/lib/rv32imacxw/ilp32\libg_nano.a(lib_a-puts.o)
                0x0000000000000ae6                _puts_r
 .text.puts     0x0000000000000bba        0xa e:/software/mounriver_studio/toolchain/risc-v embedded gcc/bin/../lib/gcc/riscv-none-embed/8.2.0/../../../../riscv-none-embed/lib/rv32imacxw/ilp32\libg_nano.a(lib_a-puts.o)
                0x0000000000000bba                puts
 .text.__swbuf_r
                0x0000000000000bc4       0xbc e:/software/mounriver_studio/toolchain/risc-v embedded gcc/bin/../lib/gcc/riscv-none-embed/8.2.0/../../../../riscv-none-embed/lib/rv32imacxw/ilp32\libg_nano.a(lib_a-wbuf.o)
                0x0000000000000bc4                __swbuf_r
 .text.__swsetup_r
                0x0000000000000c80       0xfc e:/software/mounriver_studio/toolchain/risc-v embedded gcc/bin/../lib/gcc/riscv-none-embed/8.2.0/../../../../riscv-none-embed/lib/rv32imacxw/ilp32\libg_nano.a(lib_a-wsetup.o)
                0x0000000000000c80                __swsetup_r
 .text.__register_exitproc
                0x0000000000000d7c       0x7c e:/software/mounriver_studio/toolchain/risc-v embedded gcc/bin/../lib/gcc/riscv-none-embed/8.2.0/../../../../riscv-none-embed/lib/rv32imacxw/ilp32\libg_nano.a(lib_a-__atexit.o)
                0x0000000000000d7c                __register_exitproc
 .text.startup.register_fini
                0x0000000000000df8       0x16 e:/software/mounriver_studio/toolchain/risc-v embedded gcc/bin/../lib/gcc/riscv-none-embed/8.2.0/../../../../riscv-none-embed/lib/rv32imacxw/ilp32\libg_nano.a(lib_a-__call_atexit.o)
 .text.__sflush_r
                0x0000000000000e0e      0x130 e:/software/mounriver_studio/toolchain/risc-v embedded gcc/bin/../lib/gcc/riscv-none-embed/8.2.0/../../../../riscv-none-embed/lib/rv32imacxw/ilp32\libg_nano.a(lib_a-fflush.o)
                0x0000000000000e0e                __sflush_r
 .text._fflush_r
                0x0000000000000f3e       0x64 e:/software/mounriver_studio/toolchain/risc-v embedded gcc/bin/../lib/gcc/riscv-none-embed/8.2.0/../../../../riscv-none-embed/lib/rv32imacxw/ilp32\libg_nano.a(lib_a-fflush.o)
                0x0000000000000f3e                _fflush_r
 .text.std      0x0000000000000fa2       0x66 e:/software/mounriver_studio/toolchain/risc-v embedded gcc/bin/../lib/gcc/riscv-none-embed/8.2.0/../../../../riscv-none-embed/lib/rv32imacxw/ilp32\libg_nano.a(lib_a-findfp.o)
 .text._cleanup_r
                0x0000000000001008        0xa e:/software/mounriver_studio/toolchain/risc-v embedded gcc/bin/../lib/gcc/riscv-none-embed/8.2.0/../../../../riscv-none-embed/lib/rv32imacxw/ilp32\libg_nano.a(lib_a-findfp.o)
                0x0000000000001008                _cleanup_r
 .text.__sfmoreglue
                0x0000000000001012       0x46 e:/software/mounriver_studio/toolchain/risc-v embedded gcc/bin/../lib/gcc/riscv-none-embed/8.2.0/../../../../riscv-none-embed/lib/rv32imacxw/ilp32\libg_nano.a(lib_a-findfp.o)
                0x0000000000001012                __sfmoreglue
 .text.__sinit  0x0000000000001058       0x66 e:/software/mounriver_studio/toolchain/risc-v embedded gcc/bin/../lib/gcc/riscv-none-embed/8.2.0/../../../../riscv-none-embed/lib/rv32imacxw/ilp32\libg_nano.a(lib_a-findfp.o)
                0x0000000000001058                __sinit
 .text.__sfp    0x00000000000010be       0x9c e:/software/mounriver_studio/toolchain/risc-v embedded gcc/bin/../lib/gcc/riscv-none-embed/8.2.0/../../../../riscv-none-embed/lib/rv32imacxw/ilp32\libg_nano.a(lib_a-findfp.o)
                0x00000000000010be                __sfp
 .text._fwalk_reent
                0x000000000000115a       0x6a e:/software/mounriver_studio/toolchain/risc-v embedded gcc/bin/../lib/gcc/riscv-none-embed/8.2.0/../../../../riscv-none-embed/lib/rv32imacxw/ilp32\libg_nano.a(lib_a-fwalk.o)
                0x000000000000115a                _fwalk_reent
 .text.__swhatbuf_r
                0x00000000000011c4       0x58 e:/software/mounriver_studio/toolchain/risc-v embedded gcc/bin/../lib/gcc/riscv-none-embed/8.2.0/../../../../riscv-none-embed/lib/rv32imacxw/ilp32\libg_nano.a(lib_a-makebuf.o)
                0x00000000000011c4                __swhatbuf_r
 .text.__smakebuf_r
                0x000000000000121c       0x90 e:/software/mounriver_studio/toolchain/risc-v embedded gcc/bin/../lib/gcc/riscv-none-embed/8.2.0/../../../../riscv-none-embed/lib/rv32imacxw/ilp32\libg_nano.a(lib_a-makebuf.o)
                0x000000000000121c                __smakebuf_r
 .text._free_r  0x00000000000012ac       0xa8 e:/software/mounriver_studio/toolchain/risc-v embedded gcc/bin/../lib/gcc/riscv-none-embed/8.2.0/../../../../riscv-none-embed/lib/rv32imacxw/ilp32\libg_nano.a(lib_a-nano-freer.o)
                0x00000000000012ac                _free_r
 .text._malloc_r
                0x0000000000001354       0xd4 e:/software/mounriver_studio/toolchain/risc-v embedded gcc/bin/../lib/gcc/riscv-none-embed/8.2.0/../../../../riscv-none-embed/lib/rv32imacxw/ilp32\libg_nano.a(lib_a-nano-mallocr.o)
                0x0000000000001354                _malloc_r
 .text.__sfputc_r
                0x0000000000001428       0x28 e:/software/mounriver_studio/toolchain/risc-v embedded gcc/bin/../lib/gcc/riscv-none-embed/8.2.0/../../../../riscv-none-embed/lib/rv32imacxw/ilp32\libg_nano.a(lib_a-nano-vfprintf.o)
 .text.__sfputs_r
                0x0000000000001450       0x40 e:/software/mounriver_studio/toolchain/risc-v embedded gcc/bin/../lib/gcc/riscv-none-embed/8.2.0/../../../../riscv-none-embed/lib/rv32imacxw/ilp32\libg_nano.a(lib_a-nano-vfprintf.o)
                0x0000000000001450                __sfputs_r
 .text._vfprintf_r
                0x0000000000001490      0x284 e:/software/mounriver_studio/toolchain/risc-v embedded gcc/bin/../lib/gcc/riscv-none-embed/8.2.0/../../../../riscv-none-embed/lib/rv32imacxw/ilp32\libg_nano.a(lib_a-nano-vfprintf.o)
                0x0000000000001490                _vfprintf_r
                0x0000000000001490                _vfiprintf_r
 .text._printf_common
                0x0000000000001714      0x10c e:/software/mounriver_studio/toolchain/risc-v embedded gcc/bin/../lib/gcc/riscv-none-embed/8.2.0/../../../../riscv-none-embed/lib/rv32imacxw/ilp32\libg_nano.a(lib_a-nano-vfprintf_i.o)
                0x0000000000001714                _printf_common
 .text._printf_i
                0x0000000000001820      0x2a0 e:/software/mounriver_studio/toolchain/risc-v embedded gcc/bin/../lib/gcc/riscv-none-embed/8.2.0/../../../../riscv-none-embed/lib/rv32imacxw/ilp32\libg_nano.a(lib_a-nano-vfprintf_i.o)
                0x0000000000001820                _printf_i
 .text._sbrk_r  0x0000000000001ac0       0x2a e:/software/mounriver_studio/toolchain/risc-v embedded gcc/bin/../lib/gcc/riscv-none-embed/8.2.0/../../../../riscv-none-embed/lib/rv32imacxw/ilp32\libg_nano.a(lib_a-sbrkr.o)
                0x0000000000001ac0                _sbrk_r
 .text.__sread  0x0000000000001aea       0x2c e:/software/mounriver_studio/toolchain/risc-v embedded gcc/bin/../lib/gcc/riscv-none-embed/8.2.0/../../../../riscv-none-embed/lib/rv32imacxw/ilp32\libg_nano.a(lib_a-stdio.o)
                0x0000000000001aea                __sread
 .text.__swrite
                0x0000000000001b16       0x48 e:/software/mounriver_studio/toolchain/risc-v embedded gcc/bin/../lib/gcc/riscv-none-embed/8.2.0/../../../../riscv-none-embed/lib/rv32imacxw/ilp32\libg_nano.a(lib_a-stdio.o)
                0x0000000000001b16                __swrite
 .text.__sseek  0x0000000000001b5e       0x30 e:/software/mounriver_studio/toolchain/risc-v embedded gcc/bin/../lib/gcc/riscv-none-embed/8.2.0/../../../../riscv-none-embed/lib/rv32imacxw/ilp32\libg_nano.a(lib_a-stdio.o)
                0x0000000000001b5e                __sseek
 .text.__sclose
                0x0000000000001b8e        0x6 e:/software/mounriver_studio/toolchain/risc-v embedded gcc/bin/../lib/gcc/riscv-none-embed/8.2.0/../../../../riscv-none-embed/lib/rv32imacxw/ilp32\libg_nano.a(lib_a-stdio.o)
                0x0000000000001b8e                __sclose
 .text._write_r
                0x0000000000001b94       0x2e e:/software/mounriver_studio/toolchain/risc-v embedded gcc/bin/../lib/gcc/riscv-none-embed/8.2.0/../../../../riscv-none-embed/lib/rv32imacxw/ilp32\libg_nano.a(lib_a-writer.o)
                0x0000000000001b94                _write_r
 .text._close_r
                0x0000000000001bc2       0x28 e:/software/mounriver_studio/toolchain/risc-v embedded gcc/bin/../lib/gcc/riscv-none-embed/8.2.0/../../../../riscv-none-embed/lib/rv32imacxw/ilp32\libg_nano.a(lib_a-closer.o)
                0x0000000000001bc2                _close_r
 .text._fstat_r
                0x0000000000001bea       0x2a e:/software/mounriver_studio/toolchain/risc-v embedded gcc/bin/../lib/gcc/riscv-none-embed/8.2.0/../../../../riscv-none-embed/lib/rv32imacxw/ilp32\libg_nano.a(lib_a-fstatr.o)
                0x0000000000001bea                _fstat_r
 .text._isatty_r
                0x0000000000001c14       0x28 e:/software/mounriver_studio/toolchain/risc-v embedded gcc/bin/../lib/gcc/riscv-none-embed/8.2.0/../../../../riscv-none-embed/lib/rv32imacxw/ilp32\libg_nano.a(lib_a-isattyr.o)
                0x0000000000001c14                _isatty_r
 .text._lseek_r
                0x0000000000001c3c       0x2c e:/software/mounriver_studio/toolchain/risc-v embedded gcc/bin/../lib/gcc/riscv-none-embed/8.2.0/../../../../riscv-none-embed/lib/rv32imacxw/ilp32\libg_nano.a(lib_a-lseekr.o)
                0x0000000000001c3c                _lseek_r
 .text.memchr   0x0000000000001c68       0x18 e:/software/mounriver_studio/toolchain/risc-v embedded gcc/bin/../lib/gcc/riscv-none-embed/8.2.0/../../../../riscv-none-embed/lib/rv32imacxw/ilp32\libg_nano.a(lib_a-memchr.o)
                0x0000000000001c68                memchr
 .text.__malloc_lock
                0x0000000000001c80        0x2 e:/software/mounriver_studio/toolchain/risc-v embedded gcc/bin/../lib/gcc/riscv-none-embed/8.2.0/../../../../riscv-none-embed/lib/rv32imacxw/ilp32\libg_nano.a(lib_a-mlock.o)
                0x0000000000001c80                __malloc_lock
 .text.__malloc_unlock
                0x0000000000001c82        0x2 e:/software/mounriver_studio/toolchain/risc-v embedded gcc/bin/../lib/gcc/riscv-none-embed/8.2.0/../../../../riscv-none-embed/lib/rv32imacxw/ilp32\libg_nano.a(lib_a-mlock.o)
                0x0000000000001c82                __malloc_unlock
 .text._read_r  0x0000000000001c84       0x2c e:/software/mounriver_studio/toolchain/risc-v embedded gcc/bin/../lib/gcc/riscv-none-embed/8.2.0/../../../../riscv-none-embed/lib/rv32imacxw/ilp32\libg_nano.a(lib_a-readr.o)
                0x0000000000001c84                _read_r
 .text._close   0x0000000000001cb0        0xc e:/software/mounriver_studio/toolchain/risc-v embedded gcc/bin/../lib/gcc/riscv-none-embed/8.2.0/../../../../riscv-none-embed/lib/rv32imacxw/ilp32\libnosys.a(close.o)
                0x0000000000001cb0                _close
 .text._fstat   0x0000000000001cbc        0xc e:/software/mounriver_studio/toolchain/risc-v embedded gcc/bin/../lib/gcc/riscv-none-embed/8.2.0/../../../../riscv-none-embed/lib/rv32imacxw/ilp32\libnosys.a(fstat.o)
                0x0000000000001cbc                _fstat
 .text._isatty  0x0000000000001cc8        0xc e:/software/mounriver_studio/toolchain/risc-v embedded gcc/bin/../lib/gcc/riscv-none-embed/8.2.0/../../../../riscv-none-embed/lib/rv32imacxw/ilp32\libnosys.a(isatty.o)
                0x0000000000001cc8                _isatty
 .text._lseek   0x0000000000001cd4        0xc e:/software/mounriver_studio/toolchain/risc-v embedded gcc/bin/../lib/gcc/riscv-none-embed/8.2.0/../../../../riscv-none-embed/lib/rv32imacxw/ilp32\libnosys.a(lseek.o)
                0x0000000000001cd4                _lseek
 .text._read    0x0000000000001ce0        0xc e:/software/mounriver_studio/toolchain/risc-v embedded gcc/bin/../lib/gcc/riscv-none-embed/8.2.0/../../../../riscv-none-embed/lib/rv32imacxw/ilp32\libnosys.a(read.o)
                0x0000000000001ce0                _read
 *(.rodata)
 *(.rodata*)
 .rodata.main.str1.4
                0x0000000000001cec       0x38 ./User/main.o
 .rodata.__sf_fake_stderr
                0x0000000000001d24       0x20 e:/software/mounriver_studio/toolchain/risc-v embedded gcc/bin/../lib/gcc/riscv-none-embed/8.2.0/../../../../riscv-none-embed/lib/rv32imacxw/ilp32\libg_nano.a(lib_a-findfp.o)
                0x0000000000001d24                __sf_fake_stderr
 .rodata.__sf_fake_stdin
                0x0000000000001d44       0x20 e:/software/mounriver_studio/toolchain/risc-v embedded gcc/bin/../lib/gcc/riscv-none-embed/8.2.0/../../../../riscv-none-embed/lib/rv32imacxw/ilp32\libg_nano.a(lib_a-findfp.o)
                0x0000000000001d44                __sf_fake_stdin
 .rodata.__sf_fake_stdout
                0x0000000000001d64       0x20 e:/software/mounriver_studio/toolchain/risc-v embedded gcc/bin/../lib/gcc/riscv-none-embed/8.2.0/../../../../riscv-none-embed/lib/rv32imacxw/ilp32\libg_nano.a(lib_a-findfp.o)
                0x0000000000001d64                __sf_fake_stdout
 .rodata._vfprintf_r.str1.4
                0x0000000000001d84       0x13 e:/software/mounriver_studio/toolchain/risc-v embedded gcc/bin/../lib/gcc/riscv-none-embed/8.2.0/../../../../riscv-none-embed/lib/rv32imacxw/ilp32\libg_nano.a(lib_a-nano-vfprintf.o)
 *fill*         0x0000000000001d97        0x1 
 .rodata._printf_i.str1.4
                0x0000000000001d98       0x28 e:/software/mounriver_studio/toolchain/risc-v embedded gcc/bin/../lib/gcc/riscv-none-embed/8.2.0/../../../../riscv-none-embed/lib/rv32imacxw/ilp32\libg_nano.a(lib_a-nano-vfprintf_i.o)
                                         0x25 (size before relaxing)
 *(.gnu.linkonce.t.*)
                0x0000000000001dc0                . = ALIGN (0x4)

.rela.dyn       0x0000000000001dc0        0x0
 .rela.init     0x0000000000001dc0        0x0 ./User/ch32v30x_it.o
 .rela.vector   0x0000000000001dc0        0x0 ./User/ch32v30x_it.o
 .rela.text.handle_reset
                0x0000000000001dc0        0x0 ./User/ch32v30x_it.o
 .rela.text._sbrk
                0x0000000000001dc0        0x0 ./User/ch32v30x_it.o
 .rela.sdata.curbrk.5276
                0x0000000000001dc0        0x0 ./User/ch32v30x_it.o
 .rela.text.__libc_fini_array
                0x0000000000001dc0        0x0 ./User/ch32v30x_it.o
 .rela.text.__libc_init_array
                0x0000000000001dc0        0x0 ./User/ch32v30x_it.o
 .rela.text.__register_exitproc
                0x0000000000001dc0        0x0 ./User/ch32v30x_it.o
 .rela.text.startup.register_fini
                0x0000000000001dc0        0x0 ./User/ch32v30x_it.o
 .rela.text._vfprintf_r
                0x0000000000001dc0        0x0 ./User/ch32v30x_it.o
 .rela.text._sbrk_r
                0x0000000000001dc0        0x0 ./User/ch32v30x_it.o
 .rela.text._write_r
                0x0000000000001dc0        0x0 ./User/ch32v30x_it.o
 .rela.text._close_r
                0x0000000000001dc0        0x0 ./User/ch32v30x_it.o
 .rela.text._fstat_r
                0x0000000000001dc0        0x0 ./User/ch32v30x_it.o
 .rela.text._isatty_r
                0x0000000000001dc0        0x0 ./User/ch32v30x_it.o
 .rela.text._lseek_r
                0x0000000000001dc0        0x0 ./User/ch32v30x_it.o
 .rela.text._read_r
                0x0000000000001dc0        0x0 ./User/ch32v30x_it.o
 .rela.text._close
                0x0000000000001dc0        0x0 ./User/ch32v30x_it.o
 .rela.text._fstat
                0x0000000000001dc0        0x0 ./User/ch32v30x_it.o
 .rela.text._isatty
                0x0000000000001dc0        0x0 ./User/ch32v30x_it.o
 .rela.text._lseek
                0x0000000000001dc0        0x0 ./User/ch32v30x_it.o
 .rela.text._read
                0x0000000000001dc0        0x0 ./User/ch32v30x_it.o

.fini           0x0000000000001dc0        0x0
 *(SORT_NONE(.fini))
                0x0000000000001dc0                . = ALIGN (0x4)
                [!provide]                        PROVIDE (_etext = .)
                [!provide]                        PROVIDE (_eitcm = .)

.preinit_array  0x0000000000001dc0        0x0
                0x0000000000001dc0                PROVIDE (__preinit_array_start = .)
 *(.preinit_array)
                0x0000000000001dc0                PROVIDE (__preinit_array_end = .)

.init_array     0x0000000000001dc0        0x4
                0x0000000000001dc0                PROVIDE (__init_array_start = .)
 *(SORT_BY_INIT_PRIORITY(.init_array.*) SORT_BY_INIT_PRIORITY(.ctors.*))
 .init_array.00000
                0x0000000000001dc0        0x4 e:/software/mounriver_studio/toolchain/risc-v embedded gcc/bin/../lib/gcc/riscv-none-embed/8.2.0/../../../../riscv-none-embed/lib/rv32imacxw/ilp32\libg_nano.a(lib_a-__call_atexit.o)
 *(.init_array EXCLUDE_FILE(*crtend?.o *crtend.o *crtbegin?.o *crtbegin.o) .ctors)
                0x0000000000001dc4                PROVIDE (__init_array_end = .)

.fini_array     0x0000000000001dc4        0x0
                0x0000000000001dc4                PROVIDE (__fini_array_start = .)
 *(SORT_BY_INIT_PRIORITY(.fini_array.*) SORT_BY_INIT_PRIORITY(.dtors.*))
 *(.fini_array EXCLUDE_FILE(*crtend?.o *crtend.o *crtbegin?.o *crtbegin.o) .dtors)
                0x0000000000001dc4                PROVIDE (__fini_array_end = .)

.ctors
 *crtbegin.o(.ctors)
 *crtbegin?.o(.ctors)
 *(EXCLUDE_FILE(*crtend?.o *crtend.o) .ctors)
 *(SORT_BY_NAME(.ctors.*))
 *(.ctors)

.dtors
 *crtbegin.o(.dtors)
 *crtbegin?.o(.dtors)
 *(EXCLUDE_FILE(*crtend?.o *crtend.o) .dtors)
 *(SORT_BY_NAME(.dtors.*))
 *(.dtors)

.dalign         0x0000000020000000        0x0 load address 0x0000000000001dc4
                0x0000000020000000                . = ALIGN (0x4)
                0x0000000020000000                PROVIDE (_data_vma = .)

.dlalign        0x0000000000001dc4        0x0
                0x0000000000001dc4                . = ALIGN (0x4)
                0x0000000000001dc4                PROVIDE (_data_lma = .)

.data           0x0000000020000000       0x98 load address 0x0000000000001dc4
 *(.gnu.linkonce.r.*)
 *(.data .data.*)
 .data.AHBPrescTable
                0x0000000020000000       0x10 ./User/system_ch32v30x.o
                0x0000000020000000                AHBPrescTable
 .data.APBAHBPrescTable
                0x0000000020000010       0x10 ./Peripheral/src/ch32v30x_rcc.o
 .data.impure_data
                0x0000000020000020       0x60 e:/software/mounriver_studio/toolchain/risc-v embedded gcc/bin/../lib/gcc/riscv-none-embed/8.2.0/../../../../riscv-none-embed/lib/rv32imacxw/ilp32\libg_nano.a(lib_a-impure.o)
 *(.gnu.linkonce.d.*)
                0x0000000020000080                . = ALIGN (0x8)
                0x0000000020000880                PROVIDE (__global_pointer$ = (. + 0x800))
 *(.sdata .sdata.*)
 .sdata.SystemCoreClock
                0x0000000020000080        0x4 ./User/system_ch32v30x.o
                0x0000000020000080                SystemCoreClock
 .sdata.ADCPrescTable
                0x0000000020000084        0x4 ./Peripheral/src/ch32v30x_rcc.o
 .sdata.curbrk.5276
                0x0000000020000088        0x4 ./Debug/debug.o
 .sdata._impure_ptr
                0x000000002000008c        0x4 e:/software/mounriver_studio/toolchain/risc-v embedded gcc/bin/../lib/gcc/riscv-none-embed/8.2.0/../../../../riscv-none-embed/lib/rv32imacxw/ilp32\libg_nano.a(lib_a-impure.o)
                0x000000002000008c                _impure_ptr
 *(.sdata2.*)
 .sdata2._global_impure_ptr
                0x0000000020000090        0x4 e:/software/mounriver_studio/toolchain/risc-v embedded gcc/bin/../lib/gcc/riscv-none-embed/8.2.0/../../../../riscv-none-embed/lib/rv32imacxw/ilp32\libg_nano.a(lib_a-impure.o)
                0x0000000020000090                _global_impure_ptr
 *(.gnu.linkonce.s.*)
                0x0000000020000098                . = ALIGN (0x8)
 *fill*         0x0000000020000094        0x4 
 *(.srodata.cst16)
 *(.srodata.cst8)
 *(.srodata.cst4)
 *(.srodata.cst2)
 *(.srodata .srodata.*)
                0x0000000020000098                . = ALIGN (0x4)
                0x0000000020000098                PROVIDE (_edata = .)

.bss            0x0000000020000098       0xac load address 0x0000000000001e5c
                0x0000000020000098                . = ALIGN (0x4)
                0x0000000020000098                PROVIDE (_sbss = .)
 *(.sbss*)
 .sbss.test_1   0x0000000020000098        0x6 ./User/test.o
                0x0000000020000098                test_1
 *fill*         0x000000002000009e        0x2 
 .sbss.NVIC_Priority_Group
                0x00000000200000a0        0x4 ./Peripheral/src/ch32v30x_misc.o
                0x00000000200000a0                NVIC_Priority_Group
 .sbss.p_ms     0x00000000200000a4        0x2 ./Debug/debug.o
 .sbss.p_us     0x00000000200000a6        0x1 ./Debug/debug.o
 *fill*         0x00000000200000a7        0x1 
 .sbss._global_atexit
                0x00000000200000a8        0x4 e:/software/mounriver_studio/toolchain/risc-v embedded gcc/bin/../lib/gcc/riscv-none-embed/8.2.0/../../../../riscv-none-embed/lib/rv32imacxw/ilp32\libg_nano.a(lib_a-__call_atexit.o)
                0x00000000200000a8                _global_atexit
 .sbss.__malloc_free_list
                0x00000000200000ac        0x4 e:/software/mounriver_studio/toolchain/risc-v embedded gcc/bin/../lib/gcc/riscv-none-embed/8.2.0/../../../../riscv-none-embed/lib/rv32imacxw/ilp32\libg_nano.a(lib_a-nano-mallocr.o)
                0x00000000200000ac                __malloc_free_list
 .sbss.__malloc_sbrk_start
                0x00000000200000b0        0x4 e:/software/mounriver_studio/toolchain/risc-v embedded gcc/bin/../lib/gcc/riscv-none-embed/8.2.0/../../../../riscv-none-embed/lib/rv32imacxw/ilp32\libg_nano.a(lib_a-nano-mallocr.o)
                0x00000000200000b0                __malloc_sbrk_start
 *(.gnu.linkonce.sb.*)
 *(.bss*)
 .bss._global_atexit0
                0x00000000200000b4       0x8c e:/software/mounriver_studio/toolchain/risc-v embedded gcc/bin/../lib/gcc/riscv-none-embed/8.2.0/../../../../riscv-none-embed/lib/rv32imacxw/ilp32\libg_nano.a(lib_a-__atexit.o)
 *(.gnu.linkonce.b.*)
 *(COMMON*)
 COMMON         0x0000000020000140        0x4 e:/software/mounriver_studio/toolchain/risc-v embedded gcc/bin/../lib/gcc/riscv-none-embed/8.2.0/../../../../riscv-none-embed/lib/rv32imacxw/ilp32\libg_nano.a(lib_a-reent.o)
                0x0000000020000140                errno
                0x0000000020000144                . = ALIGN (0x4)
                0x0000000020000144                PROVIDE (_ebss = .)
                0x0000000020000144                PROVIDE (_end = _ebss)
                [!provide]                        PROVIDE (end = .)

.stack          0x0000000020007800      0x800
                0x0000000020007800                PROVIDE (_heap_end = .)
                0x0000000020007800                . = ALIGN (0x4)
                [!provide]                        PROVIDE (_susrstack = .)
                0x0000000020008000                . = (. + __stack_size)
 *fill*         0x0000000020007800      0x800 
                0x0000000020008000                PROVIDE (_eusrstack = .)
OUTPUT(Whell_Leg.elf elf32-littleriscv)

.debug_info     0x0000000000000000     0x86e1
 .debug_info    0x0000000000000000      0x962 ./User/ch32v30x_it.o
 .debug_info    0x0000000000000962      0xa6a ./User/main.o
 .debug_info    0x00000000000013cc      0x110 ./User/mid.o
 .debug_info    0x00000000000014dc      0xbb5 ./User/system_ch32v30x.o
 .debug_info    0x0000000000002091      0x129 ./User/test.o
 .debug_info    0x00000000000021ba       0x22 ./Startup/startup_ch32v30x_D8C.o
 .debug_info    0x00000000000021dc      0xa94 ./Peripheral/src/ch32v30x_dbgmcu.o
 .debug_info    0x0000000000002c70     0x1270 ./Peripheral/src/ch32v30x_gpio.o
 .debug_info    0x0000000000003ee0      0xf60 ./Peripheral/src/ch32v30x_misc.o
 .debug_info    0x0000000000004e40     0x158a ./Peripheral/src/ch32v30x_rcc.o
 .debug_info    0x00000000000063ca     0x13cd ./Peripheral/src/ch32v30x_usart.o
 .debug_info    0x0000000000007797      0xf4a ./Debug/debug.o

.debug_abbrev   0x0000000000000000     0x1af2
 .debug_abbrev  0x0000000000000000      0x1cf ./User/ch32v30x_it.o
 .debug_abbrev  0x00000000000001cf      0x24f ./User/main.o
 .debug_abbrev  0x000000000000041e       0xcf ./User/mid.o
 .debug_abbrev  0x00000000000004ed      0x2c0 ./User/system_ch32v30x.o
 .debug_abbrev  0x00000000000007ad       0xe7 ./User/test.o
 .debug_abbrev  0x0000000000000894       0x12 ./Startup/startup_ch32v30x_D8C.o
 .debug_abbrev  0x00000000000008a6      0x2f7 ./Peripheral/src/ch32v30x_dbgmcu.o
 .debug_abbrev  0x0000000000000b9d      0x31a ./Peripheral/src/ch32v30x_gpio.o
 .debug_abbrev  0x0000000000000eb7      0x2e3 ./Peripheral/src/ch32v30x_misc.o
 .debug_abbrev  0x000000000000119a      0x351 ./Peripheral/src/ch32v30x_rcc.o
 .debug_abbrev  0x00000000000014eb      0x312 ./Peripheral/src/ch32v30x_usart.o
 .debug_abbrev  0x00000000000017fd      0x2f5 ./Debug/debug.o

.debug_aranges  0x0000000000000000      0x4f0
 .debug_aranges
                0x0000000000000000       0x28 ./User/ch32v30x_it.o
 .debug_aranges
                0x0000000000000028       0x28 ./User/main.o
 .debug_aranges
                0x0000000000000050       0x20 ./User/mid.o
 .debug_aranges
                0x0000000000000070       0x28 ./User/system_ch32v30x.o
 .debug_aranges
                0x0000000000000098       0x20 ./User/test.o
 .debug_aranges
                0x00000000000000b8       0x30 ./Startup/startup_ch32v30x_D8C.o
 .debug_aranges
                0x00000000000000e8       0x48 ./Peripheral/src/ch32v30x_dbgmcu.o
 .debug_aranges
                0x0000000000000130       0xb0 ./Peripheral/src/ch32v30x_gpio.o
 .debug_aranges
                0x00000000000001e0       0x28 ./Peripheral/src/ch32v30x_misc.o
 .debug_aranges
                0x0000000000000208      0x1a8 ./Peripheral/src/ch32v30x_rcc.o
 .debug_aranges
                0x00000000000003b0       0xf0 ./Peripheral/src/ch32v30x_usart.o
 .debug_aranges
                0x00000000000004a0       0x50 ./Debug/debug.o

.debug_ranges   0x0000000000000000      0x4a0
 .debug_ranges  0x0000000000000000       0x18 ./User/ch32v30x_it.o
 .debug_ranges  0x0000000000000018       0x18 ./User/main.o
 .debug_ranges  0x0000000000000030       0x10 ./User/mid.o
 .debug_ranges  0x0000000000000040       0x38 ./User/system_ch32v30x.o
 .debug_ranges  0x0000000000000078       0x10 ./User/test.o
 .debug_ranges  0x0000000000000088       0x28 ./Startup/startup_ch32v30x_D8C.o
 .debug_ranges  0x00000000000000b0       0x50 ./Peripheral/src/ch32v30x_dbgmcu.o
 .debug_ranges  0x0000000000000100       0xa0 ./Peripheral/src/ch32v30x_gpio.o
 .debug_ranges  0x00000000000001a0       0x48 ./Peripheral/src/ch32v30x_misc.o
 .debug_ranges  0x00000000000001e8      0x198 ./Peripheral/src/ch32v30x_rcc.o
 .debug_ranges  0x0000000000000380       0xe0 ./Peripheral/src/ch32v30x_usart.o
 .debug_ranges  0x0000000000000460       0x40 ./Debug/debug.o

.debug_line     0x0000000000000000     0x5d99
 .debug_line    0x0000000000000000      0x252 ./User/ch32v30x_it.o
 .debug_line    0x0000000000000252      0x3d4 ./User/main.o
 .debug_line    0x0000000000000626      0x126 ./User/mid.o
 .debug_line    0x000000000000074c      0x937 ./User/system_ch32v30x.o
 .debug_line    0x0000000000001083      0x175 ./User/test.o
 .debug_line    0x00000000000011f8      0x134 ./Startup/startup_ch32v30x_D8C.o
 .debug_line    0x000000000000132c      0x3ae ./Peripheral/src/ch32v30x_dbgmcu.o
 .debug_line    0x00000000000016da     0x120f ./Peripheral/src/ch32v30x_gpio.o
 .debug_line    0x00000000000028e9      0x417 ./Peripheral/src/ch32v30x_misc.o
 .debug_line    0x0000000000002d00     0x19d2 ./Peripheral/src/ch32v30x_rcc.o
 .debug_line    0x00000000000046d2      0xf3f ./Peripheral/src/ch32v30x_usart.o
 .debug_line    0x0000000000005611      0x788 ./Debug/debug.o

.debug_str      0x0000000000000000     0x1e8a
 .debug_str     0x0000000000000000      0x56b ./User/ch32v30x_it.o
                                        0x5cc (size before relaxing)
 .debug_str     0x000000000000056b       0x9d ./User/main.o
                                        0x63a (size before relaxing)
 .debug_str     0x0000000000000608      0x15f ./User/mid.o
                                        0x1f5 (size before relaxing)
 .debug_str     0x0000000000000767      0x128 ./User/system_ch32v30x.o
                                        0x700 (size before relaxing)
 .debug_str     0x000000000000088f       0x16 ./User/test.o
                                        0x1f1 (size before relaxing)
 .debug_str     0x00000000000008a5       0x2e ./Startup/startup_ch32v30x_D8C.o
                                         0x5b (size before relaxing)
 .debug_str     0x00000000000008d3       0xa6 ./Peripheral/src/ch32v30x_dbgmcu.o
                                        0x65c (size before relaxing)
 .debug_str     0x0000000000000979      0x3d6 ./Peripheral/src/ch32v30x_gpio.o
                                        0x9c6 (size before relaxing)
 .debug_str     0x0000000000000d4f      0x6de ./Peripheral/src/ch32v30x_misc.o
                                        0xccf (size before relaxing)
 .debug_str     0x000000000000142d      0x5c2 ./Peripheral/src/ch32v30x_rcc.o
                                        0xcf5 (size before relaxing)
 .debug_str     0x00000000000019ef      0x401 ./Peripheral/src/ch32v30x_usart.o
                                        0xb10 (size before relaxing)
 .debug_str     0x0000000000001df0       0x9a ./Debug/debug.o
                                        0x937 (size before relaxing)

.comment        0x0000000000000000       0x33
 .comment       0x0000000000000000       0x33 ./User/ch32v30x_it.o
                                         0x34 (size before relaxing)
 .comment       0x0000000000000033       0x34 ./User/main.o
 .comment       0x0000000000000033       0x34 ./User/mid.o
 .comment       0x0000000000000033       0x34 ./User/system_ch32v30x.o
 .comment       0x0000000000000033       0x34 ./User/test.o
 .comment       0x0000000000000033       0x34 ./Peripheral/src/ch32v30x_dbgmcu.o
 .comment       0x0000000000000033       0x34 ./Peripheral/src/ch32v30x_gpio.o
 .comment       0x0000000000000033       0x34 ./Peripheral/src/ch32v30x_misc.o
 .comment       0x0000000000000033       0x34 ./Peripheral/src/ch32v30x_rcc.o
 .comment       0x0000000000000033       0x34 ./Peripheral/src/ch32v30x_usart.o
 .comment       0x0000000000000033       0x34 ./Debug/debug.o

.debug_frame    0x0000000000000000     0x12d4
 .debug_frame   0x0000000000000000       0x30 ./User/ch32v30x_it.o
 .debug_frame   0x0000000000000030       0x48 ./User/main.o
 .debug_frame   0x0000000000000078       0x3c ./User/system_ch32v30x.o
 .debug_frame   0x00000000000000b4       0x70 ./Peripheral/src/ch32v30x_dbgmcu.o
 .debug_frame   0x0000000000000124      0x174 ./Peripheral/src/ch32v30x_gpio.o
 .debug_frame   0x0000000000000298       0x30 ./Peripheral/src/ch32v30x_misc.o
 .debug_frame   0x00000000000002c8      0x344 ./Peripheral/src/ch32v30x_rcc.o
 .debug_frame   0x000000000000060c      0x1e4 ./Peripheral/src/ch32v30x_usart.o
 .debug_frame   0x00000000000007f0       0xb8 ./Debug/debug.o
 .debug_frame   0x00000000000008a8       0x20 e:/software/mounriver_studio/toolchain/risc-v embedded gcc/bin/../lib/gcc/riscv-none-embed/8.2.0/../../../../riscv-none-embed/lib/rv32imacxw/ilp32\libg_nano.a(lib_a-atexit.o)
 .debug_frame   0x00000000000008c8       0x38 e:/software/mounriver_studio/toolchain/risc-v embedded gcc/bin/../lib/gcc/riscv-none-embed/8.2.0/../../../../riscv-none-embed/lib/rv32imacxw/ilp32\libg_nano.a(lib_a-fini.o)
 .debug_frame   0x0000000000000900       0x3c e:/software/mounriver_studio/toolchain/risc-v embedded gcc/bin/../lib/gcc/riscv-none-embed/8.2.0/../../../../riscv-none-embed/lib/rv32imacxw/ilp32\libg_nano.a(lib_a-init.o)
 .debug_frame   0x000000000000093c       0x54 e:/software/mounriver_studio/toolchain/risc-v embedded gcc/bin/../lib/gcc/riscv-none-embed/8.2.0/../../../../riscv-none-embed/lib/rv32imacxw/ilp32\libg_nano.a(lib_a-printf.o)
 .debug_frame   0x0000000000000990       0x54 e:/software/mounriver_studio/toolchain/risc-v embedded gcc/bin/../lib/gcc/riscv-none-embed/8.2.0/../../../../riscv-none-embed/lib/rv32imacxw/ilp32\libg_nano.a(lib_a-puts.o)
 .debug_frame   0x00000000000009e4       0x50 e:/software/mounriver_studio/toolchain/risc-v embedded gcc/bin/../lib/gcc/riscv-none-embed/8.2.0/../../../../riscv-none-embed/lib/rv32imacxw/ilp32\libg_nano.a(lib_a-wbuf.o)
 .debug_frame   0x0000000000000a34       0x3c e:/software/mounriver_studio/toolchain/risc-v embedded gcc/bin/../lib/gcc/riscv-none-embed/8.2.0/../../../../riscv-none-embed/lib/rv32imacxw/ilp32\libg_nano.a(lib_a-wsetup.o)
 .debug_frame   0x0000000000000a70       0x20 e:/software/mounriver_studio/toolchain/risc-v embedded gcc/bin/../lib/gcc/riscv-none-embed/8.2.0/../../../../riscv-none-embed/lib/rv32imacxw/ilp32\libg_nano.a(lib_a-__atexit.o)
 .debug_frame   0x0000000000000a90       0x64 e:/software/mounriver_studio/toolchain/risc-v embedded gcc/bin/../lib/gcc/riscv-none-embed/8.2.0/../../../../riscv-none-embed/lib/rv32imacxw/ilp32\libg_nano.a(lib_a-__call_atexit.o)
 .debug_frame   0x0000000000000af4       0x7c e:/software/mounriver_studio/toolchain/risc-v embedded gcc/bin/../lib/gcc/riscv-none-embed/8.2.0/../../../../riscv-none-embed/lib/rv32imacxw/ilp32\libg_nano.a(lib_a-fflush.o)
 .debug_frame   0x0000000000000b70      0x148 e:/software/mounriver_studio/toolchain/risc-v embedded gcc/bin/../lib/gcc/riscv-none-embed/8.2.0/../../../../riscv-none-embed/lib/rv32imacxw/ilp32\libg_nano.a(lib_a-findfp.o)
 .debug_frame   0x0000000000000cb8       0x88 e:/software/mounriver_studio/toolchain/risc-v embedded gcc/bin/../lib/gcc/riscv-none-embed/8.2.0/../../../../riscv-none-embed/lib/rv32imacxw/ilp32\libg_nano.a(lib_a-fwalk.o)
 .debug_frame   0x0000000000000d40       0x64 e:/software/mounriver_studio/toolchain/risc-v embedded gcc/bin/../lib/gcc/riscv-none-embed/8.2.0/../../../../riscv-none-embed/lib/rv32imacxw/ilp32\libg_nano.a(lib_a-makebuf.o)
 .debug_frame   0x0000000000000da4       0x40 e:/software/mounriver_studio/toolchain/risc-v embedded gcc/bin/../lib/gcc/riscv-none-embed/8.2.0/../../../../riscv-none-embed/lib/rv32imacxw/ilp32\libg_nano.a(lib_a-nano-freer.o)
 .debug_frame   0x0000000000000de4       0x40 e:/software/mounriver_studio/toolchain/risc-v embedded gcc/bin/../lib/gcc/riscv-none-embed/8.2.0/../../../../riscv-none-embed/lib/rv32imacxw/ilp32\libg_nano.a(lib_a-nano-mallocr.o)
 .debug_frame   0x0000000000000e24       0xd0 e:/software/mounriver_studio/toolchain/risc-v embedded gcc/bin/../lib/gcc/riscv-none-embed/8.2.0/../../../../riscv-none-embed/lib/rv32imacxw/ilp32\libg_nano.a(lib_a-nano-vfprintf.o)
 .debug_frame   0x0000000000000ef4       0x8c e:/software/mounriver_studio/toolchain/risc-v embedded gcc/bin/../lib/gcc/riscv-none-embed/8.2.0/../../../../riscv-none-embed/lib/rv32imacxw/ilp32\libg_nano.a(lib_a-nano-vfprintf_i.o)
 .debug_frame   0x0000000000000f80       0x30 e:/software/mounriver_studio/toolchain/risc-v embedded gcc/bin/../lib/gcc/riscv-none-embed/8.2.0/../../../../riscv-none-embed/lib/rv32imacxw/ilp32\libg_nano.a(lib_a-sbrkr.o)
 .debug_frame   0x0000000000000fb0       0xa4 e:/software/mounriver_studio/toolchain/risc-v embedded gcc/bin/../lib/gcc/riscv-none-embed/8.2.0/../../../../riscv-none-embed/lib/rv32imacxw/ilp32\libg_nano.a(lib_a-stdio.o)
 .debug_frame   0x0000000000001054       0x30 e:/software/mounriver_studio/toolchain/risc-v embedded gcc/bin/../lib/gcc/riscv-none-embed/8.2.0/../../../../riscv-none-embed/lib/rv32imacxw/ilp32\libg_nano.a(lib_a-writer.o)
 .debug_frame   0x0000000000001084       0x30 e:/software/mounriver_studio/toolchain/risc-v embedded gcc/bin/../lib/gcc/riscv-none-embed/8.2.0/../../../../riscv-none-embed/lib/rv32imacxw/ilp32\libg_nano.a(lib_a-closer.o)
 .debug_frame   0x00000000000010b4       0x30 e:/software/mounriver_studio/toolchain/risc-v embedded gcc/bin/../lib/gcc/riscv-none-embed/8.2.0/../../../../riscv-none-embed/lib/rv32imacxw/ilp32\libg_nano.a(lib_a-fstatr.o)
 .debug_frame   0x00000000000010e4       0x30 e:/software/mounriver_studio/toolchain/risc-v embedded gcc/bin/../lib/gcc/riscv-none-embed/8.2.0/../../../../riscv-none-embed/lib/rv32imacxw/ilp32\libg_nano.a(lib_a-isattyr.o)
 .debug_frame   0x0000000000001114       0x30 e:/software/mounriver_studio/toolchain/risc-v embedded gcc/bin/../lib/gcc/riscv-none-embed/8.2.0/../../../../riscv-none-embed/lib/rv32imacxw/ilp32\libg_nano.a(lib_a-lseekr.o)
 .debug_frame   0x0000000000001144       0x20 e:/software/mounriver_studio/toolchain/risc-v embedded gcc/bin/../lib/gcc/riscv-none-embed/8.2.0/../../../../riscv-none-embed/lib/rv32imacxw/ilp32\libg_nano.a(lib_a-memchr.o)
 .debug_frame   0x0000000000001164       0x30 e:/software/mounriver_studio/toolchain/risc-v embedded gcc/bin/../lib/gcc/riscv-none-embed/8.2.0/../../../../riscv-none-embed/lib/rv32imacxw/ilp32\libg_nano.a(lib_a-mlock.o)
 .debug_frame   0x0000000000001194       0x30 e:/software/mounriver_studio/toolchain/risc-v embedded gcc/bin/../lib/gcc/riscv-none-embed/8.2.0/../../../../riscv-none-embed/lib/rv32imacxw/ilp32\libg_nano.a(lib_a-readr.o)
 .debug_frame   0x00000000000011c4       0x70 e:/software/mounriver_studio/toolchain/risc-v embedded gcc/bin/../lib/gcc/riscv-none-embed/8.2.0/../../../../riscv-none-embed/lib/rv32imacxw/ilp32\libg_nano.a(lib_a-reent.o)
 .debug_frame   0x0000000000001234       0x20 e:/software/mounriver_studio/toolchain/risc-v embedded gcc/bin/../lib/gcc/riscv-none-embed/8.2.0/../../../../riscv-none-embed/lib/rv32imacxw/ilp32\libnosys.a(close.o)
 .debug_frame   0x0000000000001254       0x20 e:/software/mounriver_studio/toolchain/risc-v embedded gcc/bin/../lib/gcc/riscv-none-embed/8.2.0/../../../../riscv-none-embed/lib/rv32imacxw/ilp32\libnosys.a(fstat.o)
 .debug_frame   0x0000000000001274       0x20 e:/software/mounriver_studio/toolchain/risc-v embedded gcc/bin/../lib/gcc/riscv-none-embed/8.2.0/../../../../riscv-none-embed/lib/rv32imacxw/ilp32\libnosys.a(isatty.o)
 .debug_frame   0x0000000000001294       0x20 e:/software/mounriver_studio/toolchain/risc-v embedded gcc/bin/../lib/gcc/riscv-none-embed/8.2.0/../../../../riscv-none-embed/lib/rv32imacxw/ilp32\libnosys.a(lseek.o)
 .debug_frame   0x00000000000012b4       0x20 e:/software/mounriver_studio/toolchain/risc-v embedded gcc/bin/../lib/gcc/riscv-none-embed/8.2.0/../../../../riscv-none-embed/lib/rv32imacxw/ilp32\libnosys.a(read.o)

.debug_loc      0x0000000000000000     0x1d07
 .debug_loc     0x0000000000000000      0x163 ./User/system_ch32v30x.o
 .debug_loc     0x0000000000000163       0x7c ./Peripheral/src/ch32v30x_dbgmcu.o
 .debug_loc     0x00000000000001df      0x716 ./Peripheral/src/ch32v30x_gpio.o
 .debug_loc     0x00000000000008f5       0x47 ./Peripheral/src/ch32v30x_misc.o
 .debug_loc     0x000000000000093c      0xadb ./Peripheral/src/ch32v30x_rcc.o
 .debug_loc     0x0000000000001417      0x779 ./Peripheral/src/ch32v30x_usart.o
 .debug_loc     0x0000000000001b90      0x177 ./Debug/debug.o

.stab           0x0000000000000000       0x84
 .stab          0x0000000000000000       0x24 e:/software/mounriver_studio/toolchain/risc-v embedded gcc/bin/../lib/gcc/riscv-none-embed/8.2.0/../../../../riscv-none-embed/lib/rv32imacxw/ilp32\libnosys.a(close.o)
 .stab          0x0000000000000024       0x18 e:/software/mounriver_studio/toolchain/risc-v embedded gcc/bin/../lib/gcc/riscv-none-embed/8.2.0/../../../../riscv-none-embed/lib/rv32imacxw/ilp32\libnosys.a(fstat.o)
                                         0x24 (size before relaxing)
 .stab          0x000000000000003c       0x18 e:/software/mounriver_studio/toolchain/risc-v embedded gcc/bin/../lib/gcc/riscv-none-embed/8.2.0/../../../../riscv-none-embed/lib/rv32imacxw/ilp32\libnosys.a(isatty.o)
                                         0x24 (size before relaxing)
 .stab          0x0000000000000054       0x18 e:/software/mounriver_studio/toolchain/risc-v embedded gcc/bin/../lib/gcc/riscv-none-embed/8.2.0/../../../../riscv-none-embed/lib/rv32imacxw/ilp32\libnosys.a(lseek.o)
                                         0x24 (size before relaxing)
 .stab          0x000000000000006c       0x18 e:/software/mounriver_studio/toolchain/risc-v embedded gcc/bin/../lib/gcc/riscv-none-embed/8.2.0/../../../../riscv-none-embed/lib/rv32imacxw/ilp32\libnosys.a(read.o)
                                         0x24 (size before relaxing)

.stabstr        0x0000000000000000      0x117
 .stabstr       0x0000000000000000      0x117 e:/software/mounriver_studio/toolchain/risc-v embedded gcc/bin/../lib/gcc/riscv-none-embed/8.2.0/../../../../riscv-none-embed/lib/rv32imacxw/ilp32\libnosys.a(close.o)
